<?xml version="1.0" encoding="utf-8"?><testsuites><testsuite name="pytest" errors="0" failures="0" skipped="0" tests="12" time="0.035" timestamp="2024-04-30T10:29:45.403526" hostname="Jiechens-MBP.lan"><testcase classname="tests.test_student" name="test_student_data_insertion" time="0.003" /><testcase classname="tests.test_student" name="test_insert_and_retrieve_complete_data" time="0.001" /><testcase classname="tests.test_student" name="test_invalid_student_id" time="0.001" /><testcase classname="tests.test_student" name="test_insert_invalid_data_types" time="0.001" /><testcase classname="tests.test_student" name="test_update_student_record" time="0.001" /><testcase classname="tests.test_student" name="test_delete_student_record" time="0.001" /><testcase classname="tests.test_student" name="test_invalid_update_student_record" time="0.001" /><testcase classname="tests.test_student" name="test_invalid_delete_student_record" time="0.001" /><testcase classname="tests.test_student" name="test_export_data" time="0.001" /><testcase classname="tests.test_student" name="test_max_score_calculation" time="0.002" /><testcase classname="tests.test_student" name="test_min_score_calculation" time="0.001" /><testcase classname="tests.test_student" name="test_avg_score_calculation" time="0.001" /></testsuite></testsuites>